// Jest Snapshot v1, https://goo.gl/fbAQLP

exports[`should collect data 1`] = `
Object {
  "collectedEntities": Array [
    Object {
      "_class": Array [
        "Account",
      ],
      "_key": "onelogin_account_local-integration-instance",
      "_type": "onelogin_account",
      "displayName": "Local Integration",
      "name": "Local Integration",
      "webLink": "https://orgUrl.com",
    },
    Object {
      "_class": Array [
        "Service",
        "Control",
      ],
      "_key": "onelogin:sso:Local Integration",
      "_type": "onelogin_service",
      "category": "security",
      "controlDomain": "identity-access",
      "displayName": "Onelogin SSO",
      "function": "sso",
      "name": "SSO",
    },
    Object {
      "_class": Array [
        "Service",
        "Control",
      ],
      "_key": "onelogin:mfa:Local Integration",
      "_type": "onelogin_service",
      "category": "security",
      "controlDomain": "identity-access",
      "displayName": "Onelogin MFA",
      "function": "mfa",
      "name": "MFA",
    },
    Object {
      "_class": Array [
        "UserGroup",
      ],
      "_key": "onelogin_group_477661",
      "_type": "onelogin_group",
      "displayName": "Getting the Band Together",
      "id": "477661",
      "name": "Getting the Band Together",
      "reference": null,
    },
    Object {
      "_class": Array [
        "AccessRole",
      ],
      "_key": "onelogin_role_428308",
      "_type": "onelogin_role",
      "displayName": "Default",
      "id": "428308",
      "name": "Default",
    },
    Object {
      "_class": Array [
        "AccessRole",
      ],
      "_key": "onelogin_role_439868",
      "_type": "onelogin_role",
      "displayName": "Rock Star",
      "id": "439868",
      "name": "Rock Star",
    },
    Object {
      "_class": Array [
        "AccessRole",
      ],
      "_key": "onelogin_role_439869",
      "_type": "onelogin_role",
      "displayName": "Ninja",
      "id": "439869",
      "name": "Ninja",
    },
    Object {
      "_class": Array [
        "AccessRole",
      ],
      "_key": "onelogin_role_439870",
      "_type": "onelogin_role",
      "displayName": "Cryptozoologist",
      "id": "439870",
      "name": "Cryptozoologist",
    },
    Object {
      "_class": Array [
        "User",
      ],
      "_key": "onelogin_user_132422371",
      "_type": "onelogin_user",
      "activatedAt": 1619644257207,
      "comment": "",
      "company": "",
      "createdAt": 1619644257210,
      "customAttributes.customUserField": "custom-user-value",
      "department": "",
      "directoryId": null,
      "displayName": "Examplea Person",
      "distinguishedName": null,
      "email": "exampleperson1@jupiterone.com",
      "externalId": null,
      "firstname": "Examplea",
      "groupId": 0,
      "id": "132422371",
      "invalidLoginAttempts": 0,
      "invitationSentAt": 1619644257187,
      "lastLogin": 1623866368297,
      "lastname": "Person",
      "localeCode": null,
      "lockedUntil": null,
      "managerAdId": null,
      "managerUserId": null,
      "memberOf": null,
      "name": "Examplea Person",
      "openidName": "examplea.person",
      "passwordChangedAt": 1623866359915,
      "phone": "",
      "preferredLocaleCode": null,
      "samaccountname": null,
      "state": 1,
      "status": "1",
      "title": "",
      "trustedIdpId": null,
      "updatedAt": 1623866368842,
      "username": "",
      "userprincipalname": null,
    },
    Object {
      "_class": Array [
        "User",
      ],
      "_key": "onelogin_user_133771160",
      "_type": "onelogin_user",
      "activatedAt": 1620741537421,
      "comment": "",
      "company": "",
      "createdAt": 1620741537430,
      "customAttributes.customUserField": "",
      "department": "",
      "directoryId": null,
      "displayName": "Exampleb Person",
      "distinguishedName": null,
      "email": "exampleperson2@jupiterone.com",
      "externalId": null,
      "firstname": "Exampleb",
      "groupId": 477661,
      "id": "133771160",
      "invalidLoginAttempts": 0,
      "invitationSentAt": undefined,
      "lastLogin": undefined,
      "lastname": "Person",
      "localeCode": null,
      "lockedUntil": null,
      "managerAdId": null,
      "managerUserId": null,
      "memberOf": null,
      "name": "Exampleb Person",
      "openidName": "exampleb.person",
      "passwordChangedAt": undefined,
      "phone": "",
      "preferredLocaleCode": null,
      "samaccountname": null,
      "state": 1,
      "status": "1",
      "title": "",
      "trustedIdpId": null,
      "updatedAt": 1623867217199,
      "username": "",
      "userprincipalname": null,
    },
    Object {
      "_class": Array [
        "User",
      ],
      "_key": "onelogin_user_137729105",
      "_type": "onelogin_user",
      "activatedAt": 1623866437300,
      "comment": "",
      "company": "",
      "createdAt": 1623866437485,
      "customAttributes.customUserField": "",
      "department": "",
      "directoryId": null,
      "displayName": "Examplec Person",
      "distinguishedName": null,
      "email": "exampleperson3@gmail.com",
      "externalId": null,
      "firstname": "Examplec",
      "groupId": 477661,
      "id": "137729105",
      "invalidLoginAttempts": 0,
      "invitationSentAt": 1623866452170,
      "lastLogin": 1623960908941,
      "lastname": "Person",
      "localeCode": null,
      "lockedUntil": null,
      "managerAdId": null,
      "managerUserId": null,
      "memberOf": null,
      "name": "Examplec Person",
      "openidName": "examplec.person",
      "passwordChangedAt": 1623866732455,
      "phone": "",
      "preferredLocaleCode": null,
      "samaccountname": null,
      "state": 1,
      "status": "1",
      "title": "",
      "trustedIdpId": null,
      "updatedAt": 1623960909465,
      "username": "",
      "userprincipalname": null,
    },
    Object {
      "_class": Array [
        "Application",
      ],
      "_icon": "https://s3.amazonaws.com/onelogin-assets/images/icons/doordash.png",
      "_key": "onelogin_application_1475668",
      "_type": "onelogin_application",
      "connectorId": 68269,
      "displayName": "DoorDash",
      "extension": true,
      "id": "1475668",
      "name": "DoorDash",
      "provisioning": false,
      "visible": true,
    },
  ],
  "collectedRelationships": Array [
    Object {
      "_class": "HAS",
      "_fromEntityKey": "onelogin_account_local-integration-instance",
      "_key": "onelogin_account_local-integration-instance|has|onelogin:sso:Local Integration",
      "_toEntityKey": "onelogin:sso:Local Integration",
      "_type": "onelogin_account_has_service",
      "displayName": "HAS",
    },
    Object {
      "_class": "HAS",
      "_fromEntityKey": "onelogin_account_local-integration-instance",
      "_key": "onelogin_account_local-integration-instance|has|onelogin:mfa:Local Integration",
      "_toEntityKey": "onelogin:mfa:Local Integration",
      "_type": "onelogin_account_has_service",
      "displayName": "HAS",
    },
    Object {
      "_class": "HAS",
      "_fromEntityKey": "onelogin_account_local-integration-instance",
      "_key": "onelogin_account_local-integration-instance|has|onelogin_group_477661",
      "_toEntityKey": "onelogin_group_477661",
      "_type": "onelogin_account_has_group",
      "displayName": "HAS",
    },
    Object {
      "_class": "HAS",
      "_fromEntityKey": "onelogin_account_local-integration-instance",
      "_key": "onelogin_account_local-integration-instance|has|onelogin_role_428308",
      "_toEntityKey": "onelogin_role_428308",
      "_type": "onelogin_account_has_role",
      "displayName": "HAS",
    },
    Object {
      "_class": "HAS",
      "_fromEntityKey": "onelogin_account_local-integration-instance",
      "_key": "onelogin_account_local-integration-instance|has|onelogin_role_439868",
      "_toEntityKey": "onelogin_role_439868",
      "_type": "onelogin_account_has_role",
      "displayName": "HAS",
    },
    Object {
      "_class": "HAS",
      "_fromEntityKey": "onelogin_account_local-integration-instance",
      "_key": "onelogin_account_local-integration-instance|has|onelogin_role_439869",
      "_toEntityKey": "onelogin_role_439869",
      "_type": "onelogin_account_has_role",
      "displayName": "HAS",
    },
    Object {
      "_class": "HAS",
      "_fromEntityKey": "onelogin_account_local-integration-instance",
      "_key": "onelogin_account_local-integration-instance|has|onelogin_role_439870",
      "_toEntityKey": "onelogin_role_439870",
      "_type": "onelogin_account_has_role",
      "displayName": "HAS",
    },
    Object {
      "_class": "HAS",
      "_fromEntityKey": "onelogin_account_local-integration-instance",
      "_key": "onelogin_account_local-integration-instance|has|onelogin_user_132422371",
      "_toEntityKey": "onelogin_user_132422371",
      "_type": "onelogin_account_has_user",
      "displayName": "HAS",
    },
    Object {
      "_class": "ASSIGNED",
      "_fromEntityKey": "onelogin_user_132422371",
      "_key": "onelogin_user_132422371|assigned|onelogin_role_439868",
      "_toEntityKey": "onelogin_role_439868",
      "_type": "onelogin_user_assigned_role",
      "displayName": "ASSIGNED",
    },
    Object {
      "_class": "HAS",
      "_fromEntityKey": "onelogin_account_local-integration-instance",
      "_key": "onelogin_account_local-integration-instance|has|onelogin_user_133771160",
      "_toEntityKey": "onelogin_user_133771160",
      "_type": "onelogin_account_has_user",
      "displayName": "HAS",
    },
    Object {
      "_class": "HAS",
      "_fromEntityKey": "onelogin_group_477661",
      "_key": "onelogin_group_477661|has|onelogin_user_133771160",
      "_toEntityKey": "onelogin_user_133771160",
      "_type": "onelogin_group_has_user",
      "displayName": "HAS",
    },
    Object {
      "_class": "ASSIGNED",
      "_fromEntityKey": "onelogin_user_133771160",
      "_key": "onelogin_user_133771160|assigned|onelogin_group_477661",
      "_toEntityKey": "onelogin_group_477661",
      "_type": "onelogin_user_assigned_group",
      "displayName": "ASSIGNED",
    },
    Object {
      "_class": "ASSIGNED",
      "_fromEntityKey": "onelogin_user_133771160",
      "_key": "onelogin_user_133771160|assigned|onelogin_role_439868",
      "_toEntityKey": "onelogin_role_439868",
      "_type": "onelogin_user_assigned_role",
      "displayName": "ASSIGNED",
    },
    Object {
      "_class": "ASSIGNED",
      "_fromEntityKey": "onelogin_user_133771160",
      "_key": "onelogin_user_133771160|assigned|onelogin_role_439870",
      "_toEntityKey": "onelogin_role_439870",
      "_type": "onelogin_user_assigned_role",
      "displayName": "ASSIGNED",
    },
    Object {
      "_class": "HAS",
      "_fromEntityKey": "onelogin_account_local-integration-instance",
      "_key": "onelogin_account_local-integration-instance|has|onelogin_user_137729105",
      "_toEntityKey": "onelogin_user_137729105",
      "_type": "onelogin_account_has_user",
      "displayName": "HAS",
    },
    Object {
      "_class": "HAS",
      "_fromEntityKey": "onelogin_group_477661",
      "_key": "onelogin_group_477661|has|onelogin_user_137729105",
      "_toEntityKey": "onelogin_user_137729105",
      "_type": "onelogin_group_has_user",
      "displayName": "HAS",
    },
    Object {
      "_class": "ASSIGNED",
      "_fromEntityKey": "onelogin_user_137729105",
      "_key": "onelogin_user_137729105|assigned|onelogin_group_477661",
      "_toEntityKey": "onelogin_group_477661",
      "_type": "onelogin_user_assigned_group",
      "displayName": "ASSIGNED",
    },
    Object {
      "_class": "ASSIGNED",
      "_fromEntityKey": "onelogin_user_137729105",
      "_key": "onelogin_user_137729105|assigned|onelogin_role_439869",
      "_toEntityKey": "onelogin_role_439869",
      "_type": "onelogin_user_assigned_role",
      "displayName": "ASSIGNED",
    },
    Object {
      "_class": "ASSIGNED",
      "_fromEntityKey": "onelogin_user_137729105",
      "_key": "onelogin_user_137729105|assigned|onelogin_role_439870",
      "_toEntityKey": "onelogin_role_439870",
      "_type": "onelogin_user_assigned_role",
      "displayName": "ASSIGNED",
    },
    Object {
      "_class": "HAS",
      "_fromEntityKey": "onelogin_account_local-integration-instance",
      "_key": "onelogin_account_local-integration-instance|has|onelogin_application_1475668",
      "_toEntityKey": "onelogin_application_1475668",
      "_type": "onelogin_account_has_application",
      "displayName": "HAS",
    },
    Object {
      "_class": "ASSIGNED",
      "_fromEntityKey": "onelogin_user_133771160",
      "_key": "onelogin_user_133771160|assigned|onelogin_application_1475668",
      "_toEntityKey": "onelogin_application_1475668",
      "_type": "onelogin_user_assigned_application",
      "displayName": "ASSIGNED",
    },
    Object {
      "_class": "ASSIGNED",
      "_fromEntityKey": "onelogin_user_137729105",
      "_key": "onelogin_user_137729105|assigned|onelogin_application_1475668",
      "_toEntityKey": "onelogin_application_1475668",
      "_type": "onelogin_user_assigned_application",
      "displayName": "ASSIGNED",
    },
  ],
  "encounteredTypes": Array [
    "onelogin_account",
    "onelogin_service",
    "onelogin_account_has_service",
    "onelogin_group",
    "onelogin_account_has_group",
    "onelogin_role",
    "onelogin_account_has_role",
    "onelogin_user",
    "onelogin_account_has_user",
    "onelogin_user_assigned_role",
    "onelogin_group_has_user",
    "onelogin_user_assigned_group",
    "onelogin_application",
    "onelogin_account_has_application",
    "onelogin_user_assigned_application",
  ],
  "numCollectedEntities": 12,
  "numCollectedRelationships": 22,
}
`;
